// Jest Snapshot v1, https://goo.gl/fbAQLP

exports[`Nav renders correctly 1`] = `
<nav
  className="nav"
  title="main-navigation"
>
  <ul
    className="nav__items-left"
    title="project-menu"
  >
    <li
      className="nav__item-logo"
    >
      <span
        className="isvg loading svg__logo"
      />
    </li>
    <li
      className="nav__item"
    >
      <button
        onBlur={[Function]}
        onClick={[Function]}
        onFocus={[Function]}
        onMouseOver={[Function]}
      >
        <span
          className="nav__item-header"
        >
          Arquivo
        </span>
        <span
          className="isvg loading nav__item-header-triangle"
        />
      </button>
      <ul
        className="nav__dropdown"
      >
        <li
          className="nav__dropdown-item"
        >
          <button
            onBlur={[Function]}
            onClick={[Function]}
            onFocus={[Function]}
          >
            New
          </button>
        </li>
        <li
          className="nav__dropdown-item"
        >
          <button
            onBlur={[Function]}
            onClick={[Function]}
            onFocus={[Function]}
          >
            Duplicate
          </button>
        </li>
        <li
          className="nav__dropdown-item"
        >
          <button
            onBlur={[Function]}
            onClick={[Function]}
            onFocus={[Function]}
          >
            Compartilhar
          </button>
        </li>
        <li
          className="nav__dropdown-item"
        >
          <buttonAbout
            onBlur={[Function]}
            onClick={[Function]}
            onFocus={[Function]}
          >
            Download
          </button>
        </li>
        <li
          className="nav__dropdown-item"
        >
          <a
            onBlur={[Function]}
            onClick={[Function]}
            onFocus={[Function]}
            style={Object {}}
          >
            Abrir
          </a>
        </li>
      </ul>
    </li>
    <li
      className="nav__item"
    >
      <button
        onBlur={[Function]}
        onClick={[Function]}
        onFocus={[Function]}
        onMouseOver={[Function]}
      >
        <span
          className="nav__item-header"
        >
          Editar
        </span>
        <span
          className="isvg loading nav__item-header-triangle"
        />
      </button>
      <ul
        className="nav__dropdown"
      >
        <li
          className="nav__dropdown-item"
        >
          <button
            onBlur={[Function]}
            onClick={[Function]}
            onFocus={[Function]}
          >
            Limpar Codigo
            <span
              className="nav__keyboard-shortcut"
            >
              ⇧
              +Tab
            </span>
          </button>
        </li>
        <li
          className="nav__dropdown-item"
        >
          <button
            onBlur={[Function]}
            onClick={[Function]}
            onFocus={[Function]}
          >
            Encontrar
            <span
              className="nav__keyboard-shortcut"
            >
              Ctrl
              +F
            </span>
          </button>
        </li>
        <li
          className="nav__dropdown-item"
        >
          <button
            onBlur={[Function]}
            onClick={[Function]}
            onFocus={[Function]}
          >
            Encontrar Proximo
            <span
              className="nav__keyboard-shortcut"
            >
              Ctrl
              +G
            </span>
          </button>
        </li>
        <li
          className="nav__dropdown-item"
        >
          <button
            onBlur={[Function]}
            onClick={[Function]}
            onFocus={[Function]}
          >
            Encontrar Anterior
            <span
              className="nav__keyboard-shortcut"
            >
              ⇧
              +
              Ctrl
              +G
            </span>
          </button>
        </li>
      </ul>
    </li>
    <li
      className="nav__item"
    >
      <button
        onBlur={[Function]}
        onClick={[Function]}
        onFocus={[Function]}
        onMouseOver={[Function]}
      >
        <span
          className="nav__item-header"
        >
          Ferramentas
        </span>
        <span
          className="isvg loading nav__item-header-triangle"
        />
      </button>
      <ul
        className="nav__dropdown"
      >
        <li
          className="nav__dropdown-item"
        >
          <button
            onBlur={[Function]}
            onClick={[Function]}
            onFocus={[Function]}
          >
            Adicionar Arquivo
          </button>
        </li>
        <li
          className="nav__dropdown-item"
        >
          <button
            onBlur={[Function]}
            onClick={[Function]}
            onFocus={[Function]}
          >
            Adicionar Pasta
          </button>
        </li>
        <li
          className="nav__dropdown-item"
        >
          <button
            onBlur={[Function]}
            onClick={[Function]}
            onFocus={[Function]}
          >
            Rodar Codigo
            <span
              className="nav__keyboard-shortcut"
            >
              Ctrl
              +Enter
            </span>
          </button>
        </li>
        <li
          className="nav__dropdown-item"
        >
          <button
            onBlur={[Function]}
            onClick={[Function]}
            onFocus={[Function]}
          >
            Parar
            <span
              className="nav__keyboard-shortcut"
            >
              ⇧
              +
              Ctrl
              +Enter
            </span>
          </button>
        </li>
      </ul>
    </li>
    <li
      className="nav__item"
    >
      <button
        onBlur={[Function]}
        onClick={[Function]}
        onFocus={[Function]}
        onMouseOver={[Function]}
      >
        <span
          className="nav__item-header"
        >
          Ajuda
        </span>
        <span
          className="isvg loading nav__item-header-triangle"
        />
      </button>
      <ul
        className="nav__dropdown"
      >
        <li
          className="nav__dropdown-item"
        >
          <button
            onBlur={[Function]}
            onClick={[Function]}
            onFocus={[Function]}
          >
            Keyboard Shortcuts
          </button>
        </li>
        <li
          className="nav__dropdown-item"
        >
          <a
            href="https://p5js.org/reference/"
            onBlur={[Function]}
            onClick={[Function]}
            onFocus={[Function]}
            rel="noopener noreferrer"
            target="_blank"
          >
            Referencia
          </a>
        </li>
        <li
          className="nav__dropdown-item"
        >
          <a
            onBlur={[Function]}
            onClick={[Function]}
            onFocus={[Function]}
            style={Object {}}
          >
            
          </a>
        </li>
        <li
          className="nav__dropdown-item"
        >
       
        </li>
      </ul>
    </li>
  </ul>
</nav>
`;
